Microchip MPLAB XC8 Compiler V3.00

Linker command line:

-W-3 \
  --edf=C:/Users/PeeWee/.mchp_packs/Microchip/PIC18F-K_DFP/1.15.303/xc8\pic\dat\20250324170814_en.msgs \
  -cn -h+dist/default/production\XC8_PG_vB_200725.X.production.sym \
  --cmf=dist/default/production\XC8_PG_vB_200725.X.production.cmf -z \
  -Q18F25K22 -oC:\Users\PeeWee\AppData\Local\Temp\xcAs182s.\driver_tmp_3.o \
  --defsym=__MPLAB_BUILD=1 --fixupoverflow=error \
  -Mdist/default/production/XC8_PG_vB_200725.X.production.map \
  --md=C:\Users\PeeWee\AppData\Local\Temp\xcAs182s.\driver_tmp_0.dat -E1 \
  -ver=XC8 Compiler -ACODE=00h-07FFFh -ACONST=00h-07FFFh \
  -ASMALLCONST=0600h-06FFhx122 -AMEDIUMCONST=0600h-07FFFh -ACOMRAM=01h-05Fh \
  -AABS1=00h-05FFh -ABIGRAM=01h-05FFh -ARAM=060h-0FFh,0100h-01FFhx5 \
  -ABANK0=060h-0FFh -ABANK1=0100h-01FFh -ABANK2=0200h-02FFh \
  -ABANK3=0300h-03FFh -ABANK4=0400h-04FFh -ABANK5=0500h-05FFh \
  -ASFR=0F38h-0F5Fh,0F60h-0FFFh -ABIGSFR=0F38h-0FFFh \
  -ACONFIG=0300000h-030000Dh -AIDLOC=0200000h-0200007h \
  -AEEDATA=0F00000h-0F000FFh -peeprom_data=EEDATA \
  -preset_vec=00h,intcode=8h,intcodelo=18h,sivt_lo,sivt_hi=CODE \
  -ppowerup=CODE,init -pramtop=0600h -psmallconst=SMALLCONST \
  -pmediumconst=MEDIUMCONST -pconst=CONST -AFARRAM=00h-00h \
  -prdata=COMRAM,nvrram=COMRAM,nvbit=COMRAM,rbss=COMRAM,rbit=COMRAM \
  -pfarbss=FARRAM,fardata=FARRAM,nvFARRAM=FARRAM \
  -pintsave_regs=BIGRAM,bigbss=BIGRAM,bigdata=BIGRAM -pbss=RAM \
  -pidata=CODE,irdata=CODE,ibigdata=CODE,ifardata=CODE -prparam=COMRAM \
  C:\Users\PeeWee\AppData\Local\Temp\xcAs182s.\driver_tmp_14.o \
  dist/default/production\XC8_PG_vB_200725.X.production.o 

Object code version is 3.11

Machine type is 18F25K22



                Name                               Link     Load   Length Selector   Space Scale
C:\Users\PeeWee\AppData\Local\Temp\xcAs182s.\driver_tmp_14.o
                config                           300000   300000        E        0       4
                init                                 32       32        4        4       0
                reset_vec                             0        0        4        0       0
dist/default/production\XC8_PG_vB_200725.X.production.o
                intcode                               8        8       2A        4       0
                config                           300000   300000        E        0       4
                temp                                 5D       5D        1        1       1
                smallconst                          600      600       94      300       0
                text20                             137E     137E       30      34A       0
                text19                             13EA     13EA       1C      34A       0
                text18                             1104     1104       8A      34A       0
                text17                             1406     1406       18      34A       0
                text16                             1244     1244       58      34A       0
                text15                             13CE     13CE       1C      34A       0
                text14                             118E     118E       5E      34A       0
                text13                              DA2      DA2       C2      34A       0
                text12                              F12      F12       AE      34A       0
                text11                             134A     134A       34      34A       0
                text10                             141E     141E        2      34A       0
                text9                               FC0      FC0       AA      34A       0
                text8                               694      694      308      34A       0
                text7                              129C     129C       40      34A       0
                text6                              1316     1316       34      34A       0
                text5                               E64      E64       AE      34A       0
                text4                              12DC     12DC       3A      34A       0
                text3                              106A     106A       9A      34A       0
                text2                               CCA      CCA       D8      34A       0
                text1                               BA6      BA6      124      34A       0
                text0                               99C      99C      20A      34A       0
                cstackCOMRAM                          1        1       48        1       1
                dataBANK0                            80       80       20       60       1
                bssBANK0                             60       60       20       60       1
                dataCOMRAM                           5C       5C        1        1       1
                bssCOMRAM                            49       49       13        1       1
                cinit                              11EC     11EC       58      34A       0
                idataBANK0                         13AE     13AE       20      34A       0
                idataCOMRAM                        1420     1420        1      34A       0

TOTAL           Name                               Link     Load   Length     Space
        CLASS   CODE           
                intcode                               8        8       2A         0
                init                                 32       32        4         0
                reset_vec                             0        0        4         0
                text20                             137E     137E       30         0
                text19                             13EA     13EA       1C         0
                text18                             1104     1104       8A         0
                text17                             1406     1406       18         0
                text16                             1244     1244       58         0
                text15                             13CE     13CE       1C         0
                text14                             118E     118E       5E         0
                text13                              DA2      DA2       C2         0
                text12                              F12      F12       AE         0
                text11                             134A     134A       34         0
                text10                             141E     141E        2         0
                text9                               FC0      FC0       AA         0
                text8                               694      694      308         0
                text7                              129C     129C       40         0
                text6                              1316     1316       34         0
                text5                               E64      E64       AE         0
                text4                              12DC     12DC       3A         0
                text3                              106A     106A       9A         0
                text2                               CCA      CCA       D8         0
                text1                               BA6      BA6      124         0
                text0                               99C      99C      20A         0
                cinit                              11EC     11EC       58         0
                idataBANK0                         13AE     13AE       20         0
                idataCOMRAM                        1420     1420        1         0

        CLASS   CONST          

        CLASS   SMALLCONST     
                smallconst                          600      600       94         0

        CLASS   MEDIUMCONST    

        CLASS   COMRAM         
                temp                                 5D       5D        1         1
                cstackCOMRAM                          1        1       48         1
                dataCOMRAM                           5C       5C        1         1
                bssCOMRAM                            49       49       13         1

        CLASS   ABS1           

        CLASS   BIGRAM         

        CLASS   RAM            

        CLASS   BANK0          
                dataBANK0                            80       80       20         1
                bssBANK0                             60       60       20         1

        CLASS   BANK1          

        CLASS   BANK2          

        CLASS   BANK3          

        CLASS   BANK4          

        CLASS   BANK5          

        CLASS   SFR            

        CLASS   BIGSFR         

        CLASS   CONFIG         
                config                           300000   300000        E         4

        CLASS   IDLOC          

        CLASS   EEDATA         

        CLASS   FARRAM         

        CLASS   HEAP           

        CLASS   STACK          



SEGMENTS        Name                           Load    Length   Top    Selector   Space  Class

                reset_vec                      000000  000004  000004         0       0  CODE    
                cstackCOMRAM                   000001  00005D  00005E         1       1  COMRAM  
                intcode                        000008  00002E  000036         4       0  CODE    
                bssBANK0                       000060  000040  0000A0        60       1  BANK0   
                smallconst                     000600  000094  000694       300       0  SMALLCON
                text8                          000694  000D8D  001421       34A       0  CODE    


UNUSED ADDRESS RANGES

        Name                Unused          Largest block    Delta
        BANK0            0000A0-0000FF               60
        BANK1            000100-0001FF              100
        BANK2            000200-0002FF              100
        BANK3            000300-0003FF              100
        BANK4            000400-0004FF              100
        BANK5            000500-0005FF              100
        BIGRAM           00005E-00005F                2
                         0000A0-0005FF              560
        BIGSFR           000F38-000FFF               C8
        CODE             000004-000007                4
                         000036-0005FF              5CA
                         001421-007FFF             6BDF
        COMRAM           00005E-00005F                2
        CONST            000004-000007                4
                         000036-0005FF              5CA
                         001421-007FFF             6BDF
        EEDATA           F00000-F000FF              100
        IDLOC            200000-200007                8
        MEDIUMCONST      001421-007FFF             6BDF
        RAM              0000A0-0005FF              100
        SFR              000F38-000FFF               28
        SMALLCONST       001421-007FFF              100

                                  Symbol Table

?___awdiv                cstackCOMRAM 000001
?___awmod                cstackCOMRAM 000001
?_abs                    cstackCOMRAM 000007
?_sprintf                cstackCOMRAM 00001D
?_vfprintf               cstackCOMRAM 000019
LCD_Command@cmd          cstackCOMRAM 000004
LCD_Data@data            cstackCOMRAM 000004
LCD_SendNibble@nibble    cstackCOMRAM 000003
LCD_SendNibble@rs        cstackCOMRAM 000001
LCD_SetCursor@addr       cstackCOMRAM 000007
LCD_SetCursor@col        cstackCOMRAM 000005
LCD_SetCursor@row        cstackCOMRAM 000006
LCD_String@str           cstackCOMRAM 000005
_ANSELA                  (abs)        000F38
_ANSELB                  (abs)        000F39
_ANSELC                  (abs)        000F3A
_INTCON2bits             (abs)        000FF1
_INTCONbits              (abs)        000FF2
_LCD_Clear               text17       001406
_LCD_Command             text19       0013EA
_LCD_Data                text15       0013CE
_LCD_Init                text18       001104
_LCD_SendNibble          text20       00137E
_LCD_SetCursor           text16       001244
_LCD_String              text14       00118E
_OSCCON                  (abs)        000FD3
_OSCTUNEbits             (abs)        000F9B
_PIE1bits                (abs)        000F9D
_PIR1bits                (abs)        000F9E
_PORTA                   (abs)        000F80
_PORTAbits               (abs)        000F80
_PORTB                   (abs)        000F81
_PORTBbits               (abs)        000F81
_T1CON                   (abs)        000FCD
_TMR1H                   (abs)        000FCF
_TMR1L                   (abs)        000FCE
_TRISA                   (abs)        000F92
_TRISB                   (abs)        000F93
__HRAM                   (abs)        000000
__H__absolute__          __absolute__ 000000
__Habs1                  abs1         000000
__Hbank0                 bank0        000000
__Hbank1                 bank1        000000
__Hbank2                 bank2        000000
__Hbank3                 bank3        000000
__Hbank4                 bank4        000000
__Hbank5                 bank5        000000
__Hbigbss                bigbss       000000
__Hbigdata               bigdata      000000
__Hbigram                bigram       000000
__Hbigsfr                bigsfr       000000
__Hbss                   bss          000000
__HbssBANK0              bssBANK0     000000
__HbssCOMRAM             bssCOMRAM    000000
__Hcinit                 cinit        000000
__Hclrtext               clrtext      000000
__Hcomram                comram       000000
__Hconfig                config       30000E
__Hconst                 const        000000
__HcstackCOMRAM          cstackCOMRAM 000000
__Hdata                  data         000000
__HdataBANK0             dataBANK0    000000
__HdataCOMRAM            dataCOMRAM   000000
__Heeprom_data           eeprom_data  000000
__Hfarbss                farbss       000000
__Hfardata               fardata      000000
__Hheap                  heap         000000
__Hibigdata              ibigdata     000000
__Hidata                 idata        000000
__HidataBANK0            idataBANK0   000000
__HidataCOMRAM           idataCOMRAM  000000
__Hidloc                 idloc        000000
__Hifardata              ifardata     000000
__Hinit                  init         000036
__Hintcode               intcode      000032
__Hintcode_body          intcode_body 000000
__Hintcodelo             intcodelo    000018
__Hintentry              intentry     000000
__Hintret                intret       000000
__Hintsave_regs          intsave_regs 000000
__Hirdata                irdata       000000
__Hmediumconst           mediumconst  000000
__HnvFARRAM              nvFARRAM     000000
__Hnvbit                 nvbit        000000
__Hnvrram                nvrram       000000
__Hparam                 rparam       000000
__Hpowerup               powerup      000000
__Hram                   ram          000000
__Hramtop                ramtop       000600
__Hrbit                  rbit         000000
__Hrbss                  rbss         000000
__Hrdata                 rdata        000000
__Hreset_vec             reset_vec    000004
__Hrparam                rparam       000000
__Hsfr                   sfr          000000
__Hsivt_hi               sivt_hi      000000
__Hsivt_lo               sivt_lo      000018
__Hsmallconst            smallconst   000694
__Hspace_0               (abs)        001421
__Hspace_1               (abs)        0000A0
__Hspace_2               (abs)        000000
__Hspace_4               (abs)        60000E
__Hstack                 stack        000000
__Hstruct                struct       000000
__Htemp                  temp         00005E
__Htext                  text         000000
__Htext0                 text0        000000
__Htext1                 text1        000000
__Htext10                text10       000000
__Htext11                text11       000000
__Htext12                text12       000000
__Htext13                text13       000000
__Htext14                text14       000000
__Htext15                text15       000000
__Htext16                text16       000000
__Htext17                text17       000000
__Htext18                text18       000000
__Htext19                text19       000000
__Htext2                 text2        000000
__Htext20                text20       000000
__Htext3                 text3        000000
__Htext4                 text4        000000
__Htext5                 text5        000000
__Htext6                 text6        000000
__Htext7                 text7        000000
__Htext8                 text8        000000
__Htext9                 text9        000000
__LRAM                   (abs)        000001
__L__absolute__          __absolute__ 000000
__Labs1                  abs1         000000
__Lbank0                 bank0        000000
__Lbank1                 bank1        000000
__Lbank2                 bank2        000000
__Lbank3                 bank3        000000
__Lbank4                 bank4        000000
__Lbank5                 bank5        000000
__Lbigbss                bigbss       000000
__Lbigdata               bigdata      000000
__Lbigram                bigram       000000
__Lbigsfr                bigsfr       000000
__Lbss                   bss          000000
__LbssBANK0              bssBANK0     000000
__LbssCOMRAM             bssCOMRAM    000000
__Lcinit                 cinit        000000
__Lclrtext               clrtext      000000
__Lcomram                comram       000000
__Lconfig                config       000000
__Lconst                 const        000000
__LcstackCOMRAM          cstackCOMRAM 000000
__Ldata                  data         000000
__LdataBANK0             dataBANK0    000000
__LdataCOMRAM            dataCOMRAM   000000
__Leeprom_data           eeprom_data  000000
__Lfarbss                farbss       000000
__Lfardata               fardata      000000
__Lheap                  heap         000000
__Libigdata              ibigdata     000000
__Lidata                 idata        000000
__LidataBANK0            idataBANK0   000000
__LidataCOMRAM           idataCOMRAM  000000
__Lidloc                 idloc        000000
__Lifardata              ifardata     000000
__Linit                  init         000032
__Lintcode               intcode      000008
__Lintcode_body          intcode_body 000000
__Lintcodelo             intcodelo    000018
__Lintentry              intentry     000000
__Lintret                intret       000000
__Lintsave_regs          intsave_regs 000000
__Lirdata                irdata       000000
__Lmediumconst           mediumconst  000000
__LnvFARRAM              nvFARRAM     000000
__Lnvbit                 nvbit        000000
__Lnvrram                nvrram       000000
__Lparam                 rparam       000000
__Lpowerup               powerup      000000
__Lram                   ram          000000
__Lramtop                ramtop       000600
__Lrbit                  rbit         000000
__Lrbss                  rbss         000000
__Lrdata                 rdata        000000
__Lreset_vec             reset_vec    000000
__Lrparam                rparam       000000
__Lsfr                   sfr          000000
__Lsivt_hi               sivt_hi      000000
__Lsivt_lo               sivt_lo      000018
__Lsmallconst            smallconst   000600
__Lspace_0               (abs)        000000
__Lspace_1               (abs)        000000
__Lspace_2               (abs)        000000
__Lspace_4               (abs)        000000
__Lstack                 stack        000000
__Lstruct                struct       000000
__Ltemp                  temp         00005D
__Ltext                  text         000000
__Ltext0                 text0        000000
__Ltext1                 text1        000000
__Ltext10                text10       000000
__Ltext11                text11       000000
__Ltext12                text12       000000
__Ltext13                text13       000000
__Ltext14                text14       000000
__Ltext15                text15       000000
__Ltext16                text16       000000
__Ltext17                text17       000000
__Ltext18                text18       000000
__Ltext19                text19       000000
__Ltext2                 text2        000000
__Ltext20                text20       000000
__Ltext3                 text3        000000
__Ltext4                 text4        000000
__Ltext5                 text5        000000
__Ltext6                 text6        000000
__Ltext7                 text7        000000
__Ltext8                 text8        000000
__Ltext9                 text9        000000
__S0                     (abs)        001421
__S1                     (abs)        0000A0
__S4                     (abs)        000000
__S5                     (abs)        000000
___awdiv                 text13       000DA2
___awdiv@counter         cstackCOMRAM 000005
___awdiv@dividend        cstackCOMRAM 000001
___awdiv@divisor         cstackCOMRAM 000003
___awdiv@quotient        cstackCOMRAM 000007
___awdiv@sign            cstackCOMRAM 000006
___awmod                 text12       000F12
___awmod@counter         cstackCOMRAM 000005
___awmod@dividend        cstackCOMRAM 000001
___awmod@divisor         cstackCOMRAM 000003
___awmod@sign            cstackCOMRAM 000006
___heap_hi               (abs)        000000
___heap_lo               (abs)        000000
___inthi_sp              stack        000000
___inthi_stack_hi        stack        000000
___inthi_stack_lo        stack        000000
___intlo_sp              stack        000000
___intlo_stack_hi        stack        000000
___intlo_stack_lo        stack        000000
___param_bank            (abs)        000000
___rparam_used           (abs)        000001
___sp                    stack        000000
___stack_hi              stack        000000
___stack_lo              stack        000000
__accesstop              (abs)        000060
__activetblptr           (abs)        000002
__end_of_LCD_Clear       text17       00141E
__end_of_LCD_Command     text19       001406
__end_of_LCD_Data        text15       0013EA
__end_of_LCD_Init        text18       00118E
__end_of_LCD_SendNibble  text20       0013AE
__end_of_LCD_SetCursor   text16       00129C
__end_of_LCD_String      text14       0011EC
__end_of___awdiv         text13       000E64
__end_of___awmod         text12       000FC0
__end_of__initialization cinit        001236
__end_of_abs             text11       00137E
__end_of_draw_edit       text5        000F12
__end_of_draw_idle       text4        001316
__end_of_draw_menu       text3        001104
__end_of_fputc           text9        00106A
__end_of_get_button      text2        000DA2
__end_of_get_encoder     text1        000CCA
__end_of_isr             intcode      000032
__end_of_main            text0        000BA6
__end_of_putch           text10       001420
__end_of_sprintf         text6        00134A
__end_of_vfpfcnvrt       text8        00099C
__end_of_vfprintf        text7        0012DC
__initialization         cinit        0011EC
__mediumconst            smallconst   000600
__pbssBANK0              bssBANK0     000060
__pbssCOMRAM             bssCOMRAM    000049
__pcinit                 cinit        0011EC
__pcstackCOMRAM          cstackCOMRAM 000001
__pdataBANK0             dataBANK0    000080
__pdataCOMRAM            dataCOMRAM   00005C
__pidataBANK0            idataBANK0   0013AE
__pidataCOMRAM           idataCOMRAM  001420
__pintcode               intcode      000008
__psmallconst            smallconst   000600
__ptext0                 text0        00099C
__ptext1                 text1        000BA6
__ptext10                text10       00141E
__ptext11                text11       00134A
__ptext12                text12       000F12
__ptext13                text13       000DA2
__ptext14                text14       00118E
__ptext15                text15       0013CE
__ptext16                text16       001244
__ptext17                text17       001406
__ptext18                text18       001104
__ptext19                text19       0013EA
__ptext2                 text2        000CCA
__ptext20                text20       00137E
__ptext3                 text3        00106A
__ptext4                 text4        0012DC
__ptext5                 text5        000E64
__ptext6                 text6        001316
__ptext7                 text7        00129C
__ptext8                 text8        000694
__ptext9                 text9        000FC0
__ramtop                 ramtop       000600
__smallconst             smallconst   000600
_abs                     text11       00134A
_current_index           bssCOMRAM    000057
_current_state           bssCOMRAM    00005A
_dbuf                    bssBANK0     000060
_draw_edit               text5        000E64
_draw_idle               text4        0012DC
_draw_menu               text3        00106A
_flags                   bssCOMRAM    000059
_fputc                   text9        000FC0
_get_button              text2        000CCA
_get_encoder             text1        000BA6
_isr                     intcode      000008
_main                    text0        00099C
_ms_counter              bssCOMRAM    00004D
_params                  dataBANK0    000080
_prec                    bssCOMRAM    000053
_putch                   text10       00141E
_sprintf                 text6        001316
_temp_value              bssCOMRAM    000055
_vfpfcnvrt               text8        000694
_vfprintf                text7        00129C
_width                   bssCOMRAM    000051
abs@a                    cstackCOMRAM 000007
btemp                    temp         00005D
draw_edit@buf            cstackCOMRAM 000030
draw_menu@i              cstackCOMRAM 000009
end_of_initialization    cinit        001236
fputc@c                  cstackCOMRAM 000001
fputc@fp                 cstackCOMRAM 000003
get_button@curr          cstackCOMRAM 000006
get_button@duration      cstackCOMRAM 000002
get_button@last          dataCOMRAM   00005C
get_button@res           cstackCOMRAM 000001
get_button@start_time    bssCOMRAM    000049
get_encoder@current      cstackCOMRAM 000004
get_encoder@dir          cstackCOMRAM 000003
get_encoder@last_state   bssCOMRAM    00005B
int$flags                temp         00005D
intlevel0                text         000000
intlevel1                text         000000
intlevel2                text         000000
intlevel3                text         000000
isa$std                  (abs)        000001
isa$xinst                (abs)        000000
main@btn                 cstackCOMRAM 000048
main@enc                 cstackCOMRAM 000047
sprintf@ap               cstackCOMRAM 000023
sprintf@f                cstackCOMRAM 000024
sprintf@fmt              cstackCOMRAM 00001E
sprintf@s                cstackCOMRAM 00001D
stackhi                  (abs)        000000
stacklo                  (abs)        000000
start                    init         000032
start_initialization     cinit        0011EC
ttemp5                   temp         00005E
ttemp6                   temp         000061
ttemp7                   temp         000065
vfpfcnvrt@ap             cstackCOMRAM 00000D
vfpfcnvrt@c              cstackCOMRAM 000018
vfpfcnvrt@convarg        cstackCOMRAM 000014
vfpfcnvrt@cp             cstackCOMRAM 000013
vfpfcnvrt@cp_1178        cstackCOMRAM 000010
vfpfcnvrt@done           cstackCOMRAM 000012
vfpfcnvrt@fmt            cstackCOMRAM 00000C
vfpfcnvrt@fp             cstackCOMRAM 00000B
vfprintf@ap              cstackCOMRAM 00001B
vfprintf@cfmt            cstackCOMRAM 00001C
vfprintf@fmt             cstackCOMRAM 00001A
vfprintf@fp              cstackCOMRAM 000019
wtemp8                   temp         00005E


MODULE INFORMATION

Module		Function		Class		Link	Load	Size
C:\Program Files\Microchip\xc8\v3.00\pic\sources\c99\common\abs.c
		_abs           		CODE           	134A	0000	52

C:\Program Files\Microchip\xc8\v3.00\pic\sources\c99\common\abs.c estimated size: 52

C:\Program Files\Microchip\xc8\v3.00\pic\sources\c99\common\nf_fputc.c
		_fputc         		CODE           	0FC0	0000	170

C:\Program Files\Microchip\xc8\v3.00\pic\sources\c99\common\nf_fputc.c estimated size: 170

C:\Program Files\Microchip\xc8\v3.00\pic\sources\c99\common\nf_sprintf.c
		_sprintf       		CODE           	1316	0000	52

C:\Program Files\Microchip\xc8\v3.00\pic\sources\c99\common\nf_sprintf.c estimated size: 52

C:\Program Files\Microchip\xc8\v3.00\pic\sources\c99\common\awmod.c
		___awmod       		CODE           	0F12	0000	174

C:\Program Files\Microchip\xc8\v3.00\pic\sources\c99\common\awmod.c estimated size: 174

C:\Program Files\Microchip\xc8\v3.00\pic\sources\c99\common\putch.c
		_putch         		CODE           	141E	0000	2

C:\Program Files\Microchip\xc8\v3.00\pic\sources\c99\common\putch.c estimated size: 2

shared
		__initialization		CODE           	11EC	0000	74

shared estimated size: 74

lcd.c
		_LCD_String    		CODE           	118E	0000	94
		_LCD_Init      		CODE           	1104	0000	138
		_LCD_Command   		CODE           	13EA	0000	28
		_LCD_Data      		CODE           	13CE	0000	28
		_LCD_SendNibble		CODE           	137E	0000	48
		_LCD_SetCursor 		CODE           	1244	0000	88
		_LCD_Clear     		CODE           	1406	0000	24

lcd.c estimated size: 448

encoder.c
		_get_button    		CODE           	0CCA	0000	216
		_get_encoder   		CODE           	0BA6	0000	292

encoder.c estimated size: 508

C:\Program Files\Microchip\xc8\v3.00\pic\sources\c99\common\awdiv.c
		___awdiv       		CODE           	0DA2	0000	194

C:\Program Files\Microchip\xc8\v3.00\pic\sources\c99\common\awdiv.c estimated size: 194

main.c
		_draw_idle     		CODE           	12DC	0000	58
		_main          		CODE           	099C	0000	522
		_draw_menu     		CODE           	106A	0000	154
		_isr           		CODE           	0008	0000	42
		_draw_edit     		CODE           	0E64	0000	174

main.c estimated size: 950

C:\Program Files\Microchip\xc8\v3.00\pic\sources\c99\common\doprnt.c
		_vfpfcnvrt     		CODE           	0694	0000	776
		_vfprintf      		CODE           	129C	0000	64

C:\Program Files\Microchip\xc8\v3.00\pic\sources\c99\common\doprnt.c estimated size: 840

